[0.077s] DEBUG:colcon:Command line arguments: ['/usr/bin/colcon', 'list', '-p', '--base-paths', '/home/marcus/41068_ws/src/RS1']
[0.077s] DEBUG:colcon:Parsed command line arguments: Namespace(log_base=None, log_level=None, verb_name='list', build_base='build', ignore_user_meta=False, metas=['./colcon.meta'], base_paths=['/home/marcus/41068_ws/src/RS1'], packages_ignore=None, packages_ignore_regex=None, paths=None, packages_up_to=None, packages_up_to_regex=None, packages_above=None, packages_above_and_dependencies=None, packages_above_depth=None, packages_select_by_dep=None, packages_skip_by_dep=None, packages_skip_up_to=None, packages_select_build_failed=False, packages_skip_build_finished=False, packages_select_test_failures=False, packages_skip_test_passed=False, packages_select=None, packages_skip=None, packages_select_regex=None, packages_skip_regex=None, packages_start=None, packages_end=None, allow_overriding=[], topological_order=False, names_only=False, paths_only=True, topological_graph=False, topological_graph_dot=False, topological_graph_density=False, topological_graph_legend=False, topological_graph_dot_cluster=False, topological_graph_dot_include_skipped=False, mixin_files=None, mixin=None, verb_parser=<colcon_mixin.mixin.mixin_argument.MixinArgumentDecorator object at 0x724b7d59cb50>, verb_extension=<colcon_package_information.verb.list.ListVerb object at 0x724b7d6a8f10>, main=<bound method ListVerb.main of <colcon_package_information.verb.list.ListVerb object at 0x724b7d6a8f10>>, mixin_verb=('list',))
[0.206s] Level 1:colcon.colcon_core.package_discovery:discover_packages(colcon_meta) check parameters
[0.206s] Level 1:colcon.colcon_core.package_discovery:discover_packages(recursive) check parameters
[0.206s] Level 1:colcon.colcon_core.package_discovery:discover_packages(ignore) check parameters
[0.206s] Level 1:colcon.colcon_core.package_discovery:discover_packages(path) check parameters
[0.206s] Level 1:colcon.colcon_core.package_discovery:discover_packages(recursive) discover
[0.206s] INFO:colcon.colcon_core.package_discovery:Crawling recursively for packages in '/home/marcus/41068_ws/src/RS1'
[0.206s] Level 1:colcon.colcon_core.package_identification:_identify(/home/marcus/41068_ws/src/RS1) by extensions ['ignore', 'ignore_ament_install']
[0.207s] Level 1:colcon.colcon_core.package_identification:_identify(/home/marcus/41068_ws/src/RS1) by extension 'ignore'
[0.207s] Level 1:colcon.colcon_core.package_identification:_identify(/home/marcus/41068_ws/src/RS1) by extension 'ignore_ament_install'
[0.207s] Level 1:colcon.colcon_core.package_identification:_identify(/home/marcus/41068_ws/src/RS1) by extensions ['colcon_pkg']
[0.207s] Level 1:colcon.colcon_core.package_identification:_identify(/home/marcus/41068_ws/src/RS1) by extension 'colcon_pkg'
[0.207s] Level 1:colcon.colcon_core.package_identification:_identify(/home/marcus/41068_ws/src/RS1) by extensions ['colcon_meta']
[0.207s] Level 1:colcon.colcon_core.package_identification:_identify(/home/marcus/41068_ws/src/RS1) by extension 'colcon_meta'
[0.207s] Level 1:colcon.colcon_core.package_identification:_identify(/home/marcus/41068_ws/src/RS1) by extensions ['ros']
[0.207s] Level 1:colcon.colcon_core.package_identification:_identify(/home/marcus/41068_ws/src/RS1) by extension 'ros'
[0.214s] Level 1:colcon.colcon_core.package_identification:_identify(/home/marcus/41068_ws/src/RS1) by extensions ['cmake', 'python']
[0.214s] Level 1:colcon.colcon_core.package_identification:_identify(/home/marcus/41068_ws/src/RS1) by extension 'cmake'
[0.215s] Level 1:colcon.colcon_core.package_identification:_identify(/home/marcus/41068_ws/src/RS1) by extension 'python'
[0.215s] Level 1:colcon.colcon_core.package_identification:_identify(/home/marcus/41068_ws/src/RS1) by extensions ['python_setup_py']
[0.215s] Level 1:colcon.colcon_core.package_identification:_identify(/home/marcus/41068_ws/src/RS1) by extension 'python_setup_py'
[0.215s] Level 1:colcon.colcon_core.package_identification:_identify(/home/marcus/41068_ws/src/RS1/log) by extensions ['ignore', 'ignore_ament_install']
[0.215s] Level 1:colcon.colcon_core.package_identification:_identify(/home/marcus/41068_ws/src/RS1/log) by extension 'ignore'
[0.215s] Level 1:colcon.colcon_core.package_identification:_identify(/home/marcus/41068_ws/src/RS1/log) ignored
[0.215s] Level 1:colcon.colcon_core.package_identification:_identify(/home/marcus/41068_ws/src/RS1/src) by extensions ['ignore', 'ignore_ament_install']
[0.215s] Level 1:colcon.colcon_core.package_identification:_identify(/home/marcus/41068_ws/src/RS1/src) by extension 'ignore'
[0.215s] Level 1:colcon.colcon_core.package_identification:_identify(/home/marcus/41068_ws/src/RS1/src) by extension 'ignore_ament_install'
[0.215s] Level 1:colcon.colcon_core.package_identification:_identify(/home/marcus/41068_ws/src/RS1/src) by extensions ['colcon_pkg']
[0.215s] Level 1:colcon.colcon_core.package_identification:_identify(/home/marcus/41068_ws/src/RS1/src) by extension 'colcon_pkg'
[0.215s] Level 1:colcon.colcon_core.package_identification:_identify(/home/marcus/41068_ws/src/RS1/src) by extensions ['colcon_meta']
[0.215s] Level 1:colcon.colcon_core.package_identification:_identify(/home/marcus/41068_ws/src/RS1/src) by extension 'colcon_meta'
[0.215s] Level 1:colcon.colcon_core.package_identification:_identify(/home/marcus/41068_ws/src/RS1/src) by extensions ['ros']
[0.215s] Level 1:colcon.colcon_core.package_identification:_identify(/home/marcus/41068_ws/src/RS1/src) by extension 'ros'
[0.216s] Level 1:colcon.colcon_core.package_identification:_identify(/home/marcus/41068_ws/src/RS1/src) by extensions ['cmake', 'python']
[0.216s] Level 1:colcon.colcon_core.package_identification:_identify(/home/marcus/41068_ws/src/RS1/src) by extension 'cmake'
[0.216s] Level 1:colcon.colcon_core.package_identification:_identify(/home/marcus/41068_ws/src/RS1/src) by extension 'python'
[0.216s] Level 1:colcon.colcon_core.package_identification:_identify(/home/marcus/41068_ws/src/RS1/src) by extensions ['python_setup_py']
[0.216s] Level 1:colcon.colcon_core.package_identification:_identify(/home/marcus/41068_ws/src/RS1/src) by extension 'python_setup_py'
[0.216s] Level 1:colcon.colcon_core.package_identification:_identify(/home/marcus/41068_ws/src/RS1/src/env_pkg) by extensions ['ignore', 'ignore_ament_install']
[0.216s] Level 1:colcon.colcon_core.package_identification:_identify(/home/marcus/41068_ws/src/RS1/src/env_pkg) by extension 'ignore'
[0.216s] Level 1:colcon.colcon_core.package_identification:_identify(/home/marcus/41068_ws/src/RS1/src/env_pkg) by extension 'ignore_ament_install'
[0.216s] Level 1:colcon.colcon_core.package_identification:_identify(/home/marcus/41068_ws/src/RS1/src/env_pkg) by extensions ['colcon_pkg']
[0.216s] Level 1:colcon.colcon_core.package_identification:_identify(/home/marcus/41068_ws/src/RS1/src/env_pkg) by extension 'colcon_pkg'
[0.216s] Level 1:colcon.colcon_core.package_identification:_identify(/home/marcus/41068_ws/src/RS1/src/env_pkg) by extensions ['colcon_meta']
[0.216s] Level 1:colcon.colcon_core.package_identification:_identify(/home/marcus/41068_ws/src/RS1/src/env_pkg) by extension 'colcon_meta'
[0.216s] Level 1:colcon.colcon_core.package_identification:_identify(/home/marcus/41068_ws/src/RS1/src/env_pkg) by extensions ['ros']
[0.216s] Level 1:colcon.colcon_core.package_identification:_identify(/home/marcus/41068_ws/src/RS1/src/env_pkg) by extension 'ros'
[0.218s] DEBUG:colcon.colcon_core.package_identification:Package '/home/marcus/41068_ws/src/RS1/src/env_pkg' with type 'ros.ament_cmake' and name 'ignition_bringup'
[0.218s] Level 1:colcon.colcon_core.package_identification:_identify(/home/marcus/41068_ws/src/RS1/src/object_detection) by extensions ['ignore', 'ignore_ament_install']
[0.218s] Level 1:colcon.colcon_core.package_identification:_identify(/home/marcus/41068_ws/src/RS1/src/object_detection) by extension 'ignore'
[0.219s] Level 1:colcon.colcon_core.package_identification:_identify(/home/marcus/41068_ws/src/RS1/src/object_detection) by extension 'ignore_ament_install'
[0.219s] Level 1:colcon.colcon_core.package_identification:_identify(/home/marcus/41068_ws/src/RS1/src/object_detection) by extensions ['colcon_pkg']
[0.219s] Level 1:colcon.colcon_core.package_identification:_identify(/home/marcus/41068_ws/src/RS1/src/object_detection) by extension 'colcon_pkg'
[0.219s] Level 1:colcon.colcon_core.package_identification:_identify(/home/marcus/41068_ws/src/RS1/src/object_detection) by extensions ['colcon_meta']
[0.219s] Level 1:colcon.colcon_core.package_identification:_identify(/home/marcus/41068_ws/src/RS1/src/object_detection) by extension 'colcon_meta'
[0.219s] Level 1:colcon.colcon_core.package_identification:_identify(/home/marcus/41068_ws/src/RS1/src/object_detection) by extensions ['ros']
[0.219s] Level 1:colcon.colcon_core.package_identification:_identify(/home/marcus/41068_ws/src/RS1/src/object_detection) by extension 'ros'
[0.219s] Level 1:colcon.colcon_core.package_identification:_identify(/home/marcus/41068_ws/src/RS1/src/object_detection) by extensions ['cmake', 'python']
[0.219s] Level 1:colcon.colcon_core.package_identification:_identify(/home/marcus/41068_ws/src/RS1/src/object_detection) by extension 'cmake'
[0.219s] Level 1:colcon.colcon_core.package_identification:_identify(/home/marcus/41068_ws/src/RS1/src/object_detection) by extension 'python'
[0.219s] Level 1:colcon.colcon_core.package_identification:_identify(/home/marcus/41068_ws/src/RS1/src/object_detection) by extensions ['python_setup_py']
[0.219s] Level 1:colcon.colcon_core.package_identification:_identify(/home/marcus/41068_ws/src/RS1/src/object_detection) by extension 'python_setup_py'
[0.219s] Level 1:colcon.colcon_core.package_identification:_identify(/home/marcus/41068_ws/src/RS1/src/soil_moisture_sensor_pkg) by extensions ['ignore', 'ignore_ament_install']
[0.219s] Level 1:colcon.colcon_core.package_identification:_identify(/home/marcus/41068_ws/src/RS1/src/soil_moisture_sensor_pkg) by extension 'ignore'
[0.219s] Level 1:colcon.colcon_core.package_identification:_identify(/home/marcus/41068_ws/src/RS1/src/soil_moisture_sensor_pkg) by extension 'ignore_ament_install'
[0.219s] Level 1:colcon.colcon_core.package_identification:_identify(/home/marcus/41068_ws/src/RS1/src/soil_moisture_sensor_pkg) by extensions ['colcon_pkg']
[0.219s] Level 1:colcon.colcon_core.package_identification:_identify(/home/marcus/41068_ws/src/RS1/src/soil_moisture_sensor_pkg) by extension 'colcon_pkg'
[0.219s] Level 1:colcon.colcon_core.package_identification:_identify(/home/marcus/41068_ws/src/RS1/src/soil_moisture_sensor_pkg) by extensions ['colcon_meta']
[0.219s] Level 1:colcon.colcon_core.package_identification:_identify(/home/marcus/41068_ws/src/RS1/src/soil_moisture_sensor_pkg) by extension 'colcon_meta'
[0.220s] Level 1:colcon.colcon_core.package_identification:_identify(/home/marcus/41068_ws/src/RS1/src/soil_moisture_sensor_pkg) by extensions ['ros']
[0.220s] Level 1:colcon.colcon_core.package_identification:_identify(/home/marcus/41068_ws/src/RS1/src/soil_moisture_sensor_pkg) by extension 'ros'
[0.220s] DEBUG:colcon.colcon_core.package_identification:Package '/home/marcus/41068_ws/src/RS1/src/soil_moisture_sensor_pkg' with type 'ros.ament_cmake' and name 'soil_moisture_sensor_pkg'
[0.220s] Level 1:colcon.colcon_core.package_identification:_identify(/home/marcus/41068_ws/src/RS1/src/tb4_env_ui) by extensions ['ignore', 'ignore_ament_install']
[0.220s] Level 1:colcon.colcon_core.package_identification:_identify(/home/marcus/41068_ws/src/RS1/src/tb4_env_ui) by extension 'ignore'
[0.220s] Level 1:colcon.colcon_core.package_identification:_identify(/home/marcus/41068_ws/src/RS1/src/tb4_env_ui) by extension 'ignore_ament_install'
[0.221s] Level 1:colcon.colcon_core.package_identification:_identify(/home/marcus/41068_ws/src/RS1/src/tb4_env_ui) by extensions ['colcon_pkg']
[0.221s] Level 1:colcon.colcon_core.package_identification:_identify(/home/marcus/41068_ws/src/RS1/src/tb4_env_ui) by extension 'colcon_pkg'
[0.221s] Level 1:colcon.colcon_core.package_identification:_identify(/home/marcus/41068_ws/src/RS1/src/tb4_env_ui) by extensions ['colcon_meta']
[0.221s] Level 1:colcon.colcon_core.package_identification:_identify(/home/marcus/41068_ws/src/RS1/src/tb4_env_ui) by extension 'colcon_meta'
[0.221s] Level 1:colcon.colcon_core.package_identification:_identify(/home/marcus/41068_ws/src/RS1/src/tb4_env_ui) by extensions ['ros']
[0.221s] Level 1:colcon.colcon_core.package_identification:_identify(/home/marcus/41068_ws/src/RS1/src/tb4_env_ui) by extension 'ros'
[0.221s] DEBUG:colcon.colcon_core.package_identification:Package '/home/marcus/41068_ws/src/RS1/src/tb4_env_ui' with type 'ros.ament_cmake' and name 'tb4_env_ui'
[0.221s] Level 1:colcon.colcon_core.package_discovery:discover_packages(recursive) using defaults
